
                  X               _temp_2     

                0.                24.0023E-03 
                7.5               17.8676E-03 
               15.                14.3486E-03 
               22.5               12.7293E-03 
               30.                11.8725E-03 
               37.5               11.3738E-03 
               45.                11.061E-03  
               52.5               10.8516E-03 
               60.                10.7032E-03 
               67.5               10.5928E-03 
               75.                10.5072E-03 
               82.5               10.4382E-03 
               90.                10.3808E-03 
               97.5               10.3316E-03 
              105.                10.2883E-03 
              112.5               10.2492E-03 
              120.                10.2132E-03 
              127.5               10.1794E-03 
              135.                10.1469E-03 
              142.5               10.1154E-03 
              150.                10.0842E-03 
              157.5               10.0529E-03 
              165.                10.021E-03  
              172.5                9.98811E-03
              180.                 9.95366E-03
              187.5                9.91709E-03
              195.                 9.87767E-03
              202.5                9.83389E-03
              210.                 9.78337E-03
              217.5                9.72239E-03
              225.                 9.68153E-03





                  X               _temp_2     

                0.                24.0023E-03 
                7.5               17.8676E-03 
               15.                14.3486E-03 
               22.5               12.7293E-03 
               30.                11.8725E-03 
               37.5               11.3738E-03 
               45.                11.061E-03  
               52.5               10.8516E-03 
               60.                10.7032E-03 
               67.5               10.5928E-03 
               75.                10.5072E-03 
               82.5               10.4382E-03 
               90.                10.3808E-03 
               97.5               10.3316E-03 
              105.                10.2883E-03 
              112.5               10.2492E-03 
              120.                10.2132E-03 
              127.5               10.1794E-03 
              135.                10.1469E-03 
              142.5               10.1154E-03 
              150.                10.0842E-03 
              157.5               10.0529E-03 
              165.                10.021E-03  
              172.5                9.98811E-03
              180.                 9.95366E-03
              187.5                9.91709E-03
              195.                 9.87767E-03
              202.5                9.83389E-03
              210.                 9.78337E-03
              217.5                9.72239E-03
              225.                 9.68153E-03




