
                  X               _temp_1     

                0.                -1.29049E-06
                7.5               -1.37347E-06
               15.                -1.39326E-06
               22.5               -1.40611E-06
               30.                -1.42755E-06
               37.5               -1.46029E-06
               45.                -1.50344E-06
               52.5               -1.55534E-06
               60.                -1.61437E-06
               67.5               -1.67917E-06
               75.                -1.74865E-06
               82.5               -1.82195E-06
               90.                -1.89838E-06
               97.5               -1.97743E-06
              105.                -2.05864E-06
              112.5               -2.14168E-06
              120.                -2.22627E-06
              127.5               -2.31217E-06
              135.                -2.39919E-06
              142.5               -2.48717E-06
              150.                -2.57597E-06
              157.5               -2.66548E-06
              165.                -2.75558E-06
              172.5               -2.84617E-06
              180.                -2.93715E-06
              187.5               -3.02844E-06
              195.                -3.11993E-06
              202.5               -3.21152E-06
              210.                -3.30305E-06
              217.5               -3.39432E-06
              225.                -3.48482E-06





                  X               _temp_1     

                0.                -1.29049E-06
                7.5               -1.37347E-06
               15.                -1.39326E-06
               22.5               -1.40611E-06
               30.                -1.42755E-06
               37.5               -1.46029E-06
               45.                -1.50344E-06
               52.5               -1.55534E-06
               60.                -1.61437E-06
               67.5               -1.67917E-06
               75.                -1.74865E-06
               82.5               -1.82195E-06
               90.                -1.89838E-06
               97.5               -1.97743E-06
              105.                -2.05864E-06
              112.5               -2.14168E-06
              120.                -2.22627E-06
              127.5               -2.31217E-06
              135.                -2.39919E-06
              142.5               -2.48717E-06
              150.                -2.57597E-06
              157.5               -2.66548E-06
              165.                -2.75558E-06
              172.5               -2.84617E-06
              180.                -2.93715E-06
              187.5               -3.02844E-06
              195.                -3.11993E-06
              202.5               -3.21152E-06
              210.                -3.30305E-06
              217.5               -3.39432E-06
              225.                -3.48482E-06




