 bisection2_mex

 Timestamp is 50ca13a2 (Fri Dec 14 01:42:58 2012)

 Preferred load address is 0000000180000000

 Start         Length     Name                   Class
 0001:00000000 00000f70H .text                   CODE
 0001:00000f70 00000092H .text$x                 CODE
 0002:00000000 000001b8H .idata$5                DATA
 0002:000001b8 00000008H .CRT$XCA                DATA
 0002:000001c0 00000008H .CRT$XCZ                DATA
 0002:000001c8 00000008H .CRT$XIA                DATA
 0002:000001d0 00000008H .CRT$XIAA               DATA
 0002:000001d8 00000008H .CRT$XIZ                DATA
 0002:000001e0 00000218H .rdata                  DATA
 0002:000003f8 00000008H .rtc$IAA                DATA
 0002:00000400 00000008H .rtc$IZZ                DATA
 0002:00000408 00000008H .rtc$TAA                DATA
 0002:00000410 00000008H .rtc$TZZ                DATA
 0002:00000418 000001c4H .xdata                  DATA
 0002:000005dc 00000078H .idata$2                DATA
 0002:00000654 00000014H .idata$3                DATA
 0002:00000668 000001b8H .idata$4                DATA
 0002:00000820 000003f6H .idata$6                DATA
 0002:00000c20 000000c8H .edata                  DATA
 0003:00000000 000000c0H .data                   DATA
 0003:000000c0 00000040H .bss                    DATA
 0004:00000000 0000015cH .pdata                  DATA

  Address         Publics by Value              Rva+Base               Lib:Object

 0000:00000000       ___safe_se_handler_count   0000000000000000     <absolute>
 0000:00000000       ___safe_se_handler_table   0000000000000000     <absolute>
 0000:00000000       __ImageBase                0000000180000000     <linker-defined>
 0001:00000000       bisection2_initialize      0000000180001000 f   bisection2_initialize.obj
 0001:00000030       bisection2_atexit          0000000180001030 f   bisection2_terminate.obj
 0001:00000060       bisection2_terminate       0000000180001060 f   bisection2_terminate.obj
 0001:00000070       bisection2                 0000000180001070 f   bisection2.obj
 0001:00000450       bisection2_api             0000000180001450 f   bisection2_api.obj
 0001:000005c0       bisection2_atexit_wrapper  00000001800015c0 f   bisection2_mex.obj
 0001:000005d0       mexFunction                00000001800015d0 f   bisection2_mex.obj
 0001:00000640       emlrtMexFcnProperties      0000000180001640 f   bisection2_mex.obj
 0001:0000077a       mxCreateCharArray_700      000000018000177a f   libmx:libmx.dll
 0001:00000780       mxGetData                  0000000180001780 f   libmx:libmx.dll
 0001:00000786       mxCreateDoubleScalar       0000000180001786 f   libmx:libmx.dll
 0001:0000078c       mxSetFieldByNumber_700     000000018000178c f   libmx:libmx.dll
 0001:00000792       mxCreateString             0000000180001792 f   libmx:libmx.dll
 0001:00000798       mxCreateLogicalMatrix_700  0000000180001798 f   libmx:libmx.dll
 0001:0000079e       mxCreateStructMatrix_700   000000018000179e f   libmx:libmx.dll
 0001:000007a4       mexErrMsgIdAndTxt          00000001800017a4 f   libmex:libmex.dll
 0001:000007aa       mexAtExit                  00000001800017aa f   libmex:libmex.dll
 0001:000007b0       emlrtFirstTime             00000001800017b0 f   libemlrt:libemlrt.dll
 0001:000007b6       emlrtEnterRtStack          00000001800017b6 f   libemlrt:libemlrt.dll
 0001:000007bc       emlrtExitTimeCleanup       00000001800017bc f   libemlrt:libemlrt.dll
 0001:000007c2       emlrtLeaveRtStack          00000001800017c2 f   libemlrt:libemlrt.dll
 0001:000007c8       emlrtCallMATLAB            00000001800017c8 f   libemlrt:libemlrt.dll
 0001:000007ce       emlrtBreakCheck            00000001800017ce f   libemlrt:libemlrt.dll
 0001:000007d4       emlrtPopRtStack            00000001800017d4 f   libemlrt:libemlrt.dll
 0001:000007da       emlrtAssign                00000001800017da f   libemlrt:libemlrt.dll
 0001:000007e0       emlrtInitCharArray         00000001800017e0 f   libemlrt:libemlrt.dll
 0001:000007e6       emlrtPushRtStack           00000001800017e6 f   libemlrt:libemlrt.dll
 0001:000007ec       emlrtDestroyArray          00000001800017ec f   libemlrt:libemlrt.dll
 0001:000007f2       emlrtCheckBuiltInCtxR2011b 00000001800017f2 f   libemlrt:libemlrt.dll
 0001:000007f8       emlrtAlias                 00000001800017f8 f   libemlrt:libemlrt.dll
 0001:000007fe       emlrtAliasP                00000001800017fe f   libemlrt:libemlrt.dll
 0001:00000804       emlrtReturnArrayR2009a     0000000180001804 f   libemlrt:libemlrt.dll
 0001:0000080a       emlrtClearAllocCount       000000018000180a f   libemlrt:libemlrt.dll
 0001:00000810       muDoubleScalarAbs          0000000180001810 f   libmwmathutil:libmwmathutil.dll
 0001:00000816       muDoubleScalarPower        0000000180001816 f   libmwmathutil:libmwmathutil.dll
 0001:0000087c       _CRT_INIT                  000000018000187c f   MSVCRT:crtdll.obj
 0001:00000c14       _DllMainCRTStartup         0000000180001c14 f   MSVCRT:crtdll.obj
 0001:00000c54       __clean_type_info_names    0000000180001c54 f   MSVCRT:tncleanup.obj
 0001:00000c60       _onexit                    0000000180001c60 f   MSVCRT:atonexit.obj
 0001:00000d10       atexit                     0000000180001d10 f   MSVCRT:atonexit.obj
 0001:00000d28       _RTC_Initialize            0000000180001d28 f   MSVCRT:_initsect_.obj
 0001:00000d60       _RTC_Terminate             0000000180001d60 f   MSVCRT:_initsect_.obj
 0001:00000da0       _ValidateImageBase         0000000180001da0 f   MSVCRT:pesect.obj
 0001:00000dd0       _FindPESection             0000000180001dd0 f   MSVCRT:pesect.obj
 0001:00000e20       _IsNonwritableInCurrentImage 0000000180001e20 f   MSVCRT:pesect.obj
 0001:00000e62       _initterm                  0000000180001e62 f   MSVCRT:MSVCR100.dll
 0001:00000e68       _initterm_e                0000000180001e68 f   MSVCRT:MSVCR100.dll
 0001:00000e6e       _amsg_exit                 0000000180001e6e f   MSVCRT:MSVCR100.dll
 0001:00000e74       __C_specific_handler       0000000180001e74 f   MSVCRT:MSVCR100.dll
 0001:00000e7a       __CppXcptFilter            0000000180001e7a f   MSVCRT:MSVCR100.dll
 0001:00000e80       DllMain                    0000000180001e80 f   MSVCRT:dllmain.obj
 0001:00000ea4       __security_init_cookie     0000000180001ea4 f   MSVCRT:gs_support.obj
 0001:00000f58       __clean_type_info_names_internal 0000000180001f58 f   MSVCRT:MSVCR100.dll
 0001:00000f5e       _unlock                    0000000180001f5e f   MSVCRT:MSVCR100.dll
 0001:00000f64       __dllonexit                0000000180001f64 f   MSVCRT:MSVCR100.dll
 0001:00000f6a       _lock                      0000000180001f6a f   MSVCRT:MSVCR100.dll
 0002:00000000       __imp_GetSystemTimeAsFileTime 0000000180003000     kernel32:KERNEL32.dll
 0002:00000008       __imp_GetCurrentProcessId  0000000180003008     kernel32:KERNEL32.dll
 0002:00000010       __imp_GetCurrentThreadId   0000000180003010     kernel32:KERNEL32.dll
 0002:00000018       __imp_GetTickCount         0000000180003018     kernel32:KERNEL32.dll
 0002:00000020       __imp_QueryPerformanceCounter 0000000180003020     kernel32:KERNEL32.dll
 0002:00000028       __imp_DisableThreadLibraryCalls 0000000180003028     kernel32:KERNEL32.dll
 0002:00000030       __imp_Sleep                0000000180003030     kernel32:KERNEL32.dll
 0002:00000038       __imp_DecodePointer        0000000180003038     kernel32:KERNEL32.dll
 0002:00000040       __imp_EncodePointer        0000000180003040     kernel32:KERNEL32.dll
 0002:00000048       \177KERNEL32_NULL_THUNK_DATA 0000000180003048     kernel32:KERNEL32.dll
 0002:00000050       __imp___clean_type_info_names_internal 0000000180003050     MSVCRT:MSVCR100.dll
 0002:00000058       __imp___CppXcptFilter      0000000180003058     MSVCRT:MSVCR100.dll
 0002:00000060       __imp___C_specific_handler 0000000180003060     MSVCRT:MSVCR100.dll
 0002:00000068       __imp__amsg_exit           0000000180003068     MSVCRT:MSVCR100.dll
 0002:00000070       __imp__encoded_null        0000000180003070     MSVCRT:MSVCR100.dll
 0002:00000078       __imp_free                 0000000180003078     MSVCRT:MSVCR100.dll
 0002:00000080       __imp__initterm_e          0000000180003080     MSVCRT:MSVCR100.dll
 0002:00000088       __imp__initterm            0000000180003088     MSVCRT:MSVCR100.dll
 0002:00000090       __imp__malloc_crt          0000000180003090     MSVCRT:MSVCR100.dll
 0002:00000098       __imp__unlock              0000000180003098     MSVCRT:MSVCR100.dll
 0002:000000a0       __imp___dllonexit          00000001800030a0     MSVCRT:MSVCR100.dll
 0002:000000a8       __imp__lock                00000001800030a8     MSVCRT:MSVCR100.dll
 0002:000000b0       __imp__onexit              00000001800030b0     MSVCRT:MSVCR100.dll
 0002:000000b8       \177MSVCR100_NULL_THUNK_DATA 00000001800030b8     MSVCRT:MSVCR100.dll
 0002:000000c0       __imp_emlrtAliasP          00000001800030c0     libemlrt:libemlrt.dll
 0002:000000c8       __imp_emlrtReturnArrayR2009a 00000001800030c8     libemlrt:libemlrt.dll
 0002:000000d0       __imp_emlrtClearAllocCount 00000001800030d0     libemlrt:libemlrt.dll
 0002:000000d8       __imp_emlrtAlias           00000001800030d8     libemlrt:libemlrt.dll
 0002:000000e0       __imp_emlrtCheckBuiltInCtxR2011b 00000001800030e0     libemlrt:libemlrt.dll
 0002:000000e8       __imp_emlrtDestroyArray    00000001800030e8     libemlrt:libemlrt.dll
 0002:000000f0       __imp_emlrtInitCharArray   00000001800030f0     libemlrt:libemlrt.dll
 0002:000000f8       __imp_emlrtAssign          00000001800030f8     libemlrt:libemlrt.dll
 0002:00000100       __imp_emlrtPopRtStack      0000000180003100     libemlrt:libemlrt.dll
 0002:00000108       __imp_emlrtBreakCheck      0000000180003108     libemlrt:libemlrt.dll
 0002:00000110       __imp_emlrtCallMATLAB      0000000180003110     libemlrt:libemlrt.dll
 0002:00000118       __imp_emlrtLeaveRtStack    0000000180003118     libemlrt:libemlrt.dll
 0002:00000120       __imp_emlrtExitTimeCleanup 0000000180003120     libemlrt:libemlrt.dll
 0002:00000128       __imp_emlrtEnterRtStack    0000000180003128     libemlrt:libemlrt.dll
 0002:00000130       __imp_emlrtFirstTime       0000000180003130     libemlrt:libemlrt.dll
 0002:00000138       __imp_emlrtPushRtStack     0000000180003138     libemlrt:libemlrt.dll
 0002:00000140       \177libemlrt_NULL_THUNK_DATA 0000000180003140     libemlrt:libemlrt.dll
 0002:00000148       __imp_mexAtExit            0000000180003148     libmex:libmex.dll
 0002:00000150       __imp_mexErrMsgIdAndTxt    0000000180003150     libmex:libmex.dll
 0002:00000158       \177libmex_NULL_THUNK_DATA 0000000180003158     libmex:libmex.dll
 0002:00000160       __imp_muDoubleScalarAbs    0000000180003160     libmwmathutil:libmwmathutil.dll
 0002:00000168       __imp_muDoubleScalarPower  0000000180003168     libmwmathutil:libmwmathutil.dll
 0002:00000170       \177libmwmathutil_NULL_THUNK_DATA 0000000180003170     libmwmathutil:libmwmathutil.dll
 0002:00000178       __imp_mxCreateStructMatrix_700 0000000180003178     libmx:libmx.dll
 0002:00000180       __imp_mxCreateLogicalMatrix_700 0000000180003180     libmx:libmx.dll
 0002:00000188       __imp_mxCreateString       0000000180003188     libmx:libmx.dll
 0002:00000190       __imp_mxSetFieldByNumber_700 0000000180003190     libmx:libmx.dll
 0002:00000198       __imp_mxCreateDoubleScalar 0000000180003198     libmx:libmx.dll
 0002:000001a0       __imp_mxGetData            00000001800031a0     libmx:libmx.dll
 0002:000001a8       __imp_mxCreateCharArray_700 00000001800031a8     libmx:libmx.dll
 0002:000001b0       \177libmx_NULL_THUNK_DATA  00000001800031b0     libmx:libmx.dll
 0002:000001b8       __xc_a                     00000001800031b8     MSVCRT:cinitexe.obj
 0002:000001c0       __xc_z                     00000001800031c0     MSVCRT:cinitexe.obj
 0002:000001c8       __xi_a                     00000001800031c8     MSVCRT:cinitexe.obj
 0002:000001d8       __xi_z                     00000001800031d8     MSVCRT:cinitexe.obj
 0002:000001e0       ??_C@_0ED@BHFAHJEA@C?3?1Program?5Files?1MATLAB?1R2012a?1t@ 00000001800031e0     bisection2.obj
 0002:00000224       ??_C@_05KKCIMGE@error?$AA@ 0000000180003224     bisection2.obj
 0002:00000230       ??_C@_0DB@JLCDBIJI@E?3?1Documents?1Matlab?1aero?9matlab?1@ 0000000180003230     bisection2.obj
 0002:00000268       ??_C@_0L@JCKEEGAC@bisection2?$AA@ 0000000180003268     bisection2.obj
 0002:00000290       __real@4000000000000000    0000000180003290     bisection2.obj
 0002:00000298       __real@4024000000000000    0000000180003298     bisection2.obj
 0002:000002a0       __real@4008000000000000    00000001800032a0     bisection2.obj
 0002:000002a8       __real@3ff8000000000000    00000001800032a8     bisection2.obj
 0002:000002b0       ??_C@_06BNJCAIGJ@double?$AA@ 00000001800032b0     bisection2_api.obj
 0002:000002b8       ??_C@_03LACFLPJO@tol?$AA@  00000001800032b8     bisection2_api.obj
 0002:000002bc       ??_C@_01OJONOECF@b?$AA@    00000001800032bc     bisection2_api.obj
 0002:000002c0       ??_C@_01MCMALHOG@a?$AA@    00000001800032c0     bisection2_api.obj
 0002:000002c8       ??_C@_0CH@DLJMAEFE@emlcoder?3emlmex?3TooManyOutputArg@ 00000001800032c8     bisection2_mex.obj
 0002:000002f0       ??_C@_0DI@HMAGNOEJ@Too?5many?5output?5arguments?5for?5en@ 00000001800032f0     bisection2_mex.obj
 0002:00000328       ??_C@_0CE@IHHIPLIO@emlcoder?3emlmex?3WrongNumberOfInp@ 0000000180003328     bisection2_mex.obj
 0002:00000350       ??_C@_0DA@NHAMFJGP@3?5inputs?5required?5for?5entry?9poin@ 0000000180003350     bisection2_mex.obj
 0002:00000380       ??_C@_0BE@KJFOAHGP@7?414?40?4739?5?$CIR2012a?$CJ?$AA@ 0000000180003380     bisection2_mex.obj
 0002:00000398       __real@3ff0000000000000    0000000180003398     bisection2_mex.obj
 0002:000003a0       ??_C@_0P@FDPDNMBC@ConstantInputs?$AA@ 00000001800033a0     bisection2_mex.obj
 0002:000003b0       ??_C@_0BA@HBLCOFA@NumberOfOutputs?$AA@ 00000001800033b0     bisection2_mex.obj
 0002:000003c0       ??_C@_0P@DJPKAEOC@NumberOfInputs?$AA@ 00000001800033c0     bisection2_mex.obj
 0002:000003d0       ??_C@_04FABLJDN@Name?$AA@  00000001800033d0     bisection2_mex.obj
 0002:000003d8       ??_C@_0M@HOOGCLMJ@EntryPoints?$AA@ 00000001800033d8     bisection2_mex.obj
 0002:000003e8       ??_C@_07NGFJPNPN@Version?$AA@ 00000001800033e8     bisection2_mex.obj
 0002:000003f0       _pRawDllMain               00000001800033f0     MSVCRT:crtdll.obj
 0002:000003f0       _pDefaultRawDllMain        00000001800033f0     MSVCRT:crtdll.obj
 0002:000003f8       __rtc_iaa                  00000001800033f8     MSVCRT:_initsect_.obj
 0002:00000400       __rtc_izz                  0000000180003400     MSVCRT:_initsect_.obj
 0002:00000408       __rtc_taa                  0000000180003408     MSVCRT:_initsect_.obj
 0002:00000410       __rtc_tzz                  0000000180003410     MSVCRT:_initsect_.obj
 0002:000005dc       __IMPORT_DESCRIPTOR_libmx  00000001800035dc     libmx:libmx.dll
 0002:000005f0       __IMPORT_DESCRIPTOR_libmex 00000001800035f0     libmex:libmex.dll
 0002:00000604       __IMPORT_DESCRIPTOR_libemlrt 0000000180003604     libemlrt:libemlrt.dll
 0002:00000618       __IMPORT_DESCRIPTOR_libmwmathutil 0000000180003618     libmwmathutil:libmwmathutil.dll
 0002:0000062c       __IMPORT_DESCRIPTOR_MSVCR100 000000018000362c     MSVCRT:MSVCR100.dll
 0002:00000640       __IMPORT_DESCRIPTOR_KERNEL32 0000000180003640     kernel32:KERNEL32.dll
 0002:00000654       __NULL_IMPORT_DESCRIPTOR   0000000180003654     libmx:libmx.dll
 0003:00000050       emlrtContextGlobal         0000000180004050     bisection2_mex.obj
 0003:000000a0       _fltused                   00000001800040a0     MSVCRT:dllsupp.obj
 0003:000000a4       __native_dllmain_reason    00000001800040a4     MSVCRT:natstart.obj
 0003:000000a8       __native_vcclrit_reason    00000001800040a8     MSVCRT:natstart.obj
 0003:000000b0       __security_cookie          00000001800040b0     MSVCRT:gs_cookie.obj
 0003:000000b8       __security_cookie_complement 00000001800040b8     MSVCRT:gs_cookie.obj
 0003:000000c8       ?__type_info_root_node@@3U__type_info_node@@A 00000001800040c8     MSVCRT:tncleanup.obj
 0003:000000d8       __native_startup_state     00000001800040d8     <common>
 0003:000000e0       __native_startup_lock      00000001800040e0     <common>
 0003:000000e8       __onexitend                00000001800040e8     <common>
 0003:000000f0       __onexitbegin              00000001800040f0     <common>
 0003:000000f8       __dyn_tls_init_callback    00000001800040f8     <common>

 entry point at        0001:00000c14

 Static symbols

 0001:000003a0       emlrt_marshallIn           00000001800013a0 f   bisection2_api.obj
 0001:00000510       bisection2_mexFunction     0000000180001510 f   bisection2_mex.obj
 0001:0000081c       pre_c_init                 000000018000181c f   MSVCRT:crtdll.obj
 0001:00000ad8       __DllMainCRTStartup        0000000180001ad8 f   MSVCRT:crtdll.obj
 0001:00000f70       __DllMainCRTStartup$filt$0 0000000180001f70 f   MSVCRT:crtdll.obj
 0001:00000fa0       __DllMainCRTStartup$fin$1  0000000180001fa0 f   MSVCRT:crtdll.obj
 0001:00000fba       _onexit$fin$0              0000000180001fba f   MSVCRT:atonexit.obj
 0001:00000fe0       _IsNonwritableInCurrentImage$filt$0 0000000180001fe0 f   MSVCRT:pesect.obj
